Γû▓ Next.js 16.2.6 (Turbopack)
- Environments: .env.local

node.exe : ΓÜá The "middleware" file convention is deprecated. Please use "proxy" instead. Learn more: 
https://nextjs.org/docs/messages/middleware-to-proxy
At line:1 char:1
+ & "C:\Program Files\nodejs/node.exe" "C:\Program Files\nodejs/node_mo ...
+ ~~~~~~~~~~~~~~~~~~~~~~~~~~~~~~~~~~~~~~~~~~~~~~~~~~~~~~~~~~~~~~~~~~~~~
    + CategoryInfo          : NotSpecified: (ΓÜá The "middle...leware-to-proxy:String) [], RemoteException
    + FullyQualifiedErrorId : NativeCommandError
 
  Creating an optimized production build ...
Γ£ô Compiled successfully in 9.0s
  Skipping validation of types
  Finished TypeScript config validation in 86ms ...
  Collecting page data using 3 workers ...
  Generating static pages using 3 workers (0/10) ...
  Generating static pages using 3 workers (2/10) 
  Generating static pages using 3 workers (4/10) 
  Generating static pages using 3 workers (7/10) 
Γ£ô Generating static pages using 3 workers (10/10) in 464ms
  Finalizing page optimization ...

Route (app)
Γöî Γùï /
Γö£ Γùï /_not-found
Γö£ ╞Æ /admin
Γö£ ╞Æ /admin/activity
Γö£ ╞Æ /admin/menu
Γö£ ╞Æ /admin/orders
Γö£ ╞Æ /admin/qr-codes
Γö£ ╞Æ /admin/reservations
Γö£ ╞Æ /admin/settings
Γö£ ╞Æ /admin/staff
Γö£ ╞Æ /admin/tables
Γö£ ╞Æ /api/admin/dashboard
Γö£ ╞Æ /api/admin/table-qr
Γö£ ╞Æ /auth/callback
Γö£ Γùï /auth/error
Γö£ ╞Æ /login
Γö£ ╞Æ /pos
Γö£ ╞Æ /signup
Γö£ Γùï /signup/success
Γöö ╞Æ /waiter


╞Æ Proxy (Middleware)

Γùï  (Static)   prerendered as static content
╞Æ  (Dynamic)  server-rendered on demand

